[2m[WebServer] [22m [33m[1m⚠[22m[39m The "middleware" file convention is deprecated. Please use "proxy" instead. Learn more: https://nextjs.org/docs/messages/middleware-to-proxy

Running 1 test using 1 worker

  ✘  1 [chromium] › tests\e2e\auth.spec.ts:4:9 › Authentication Flow › should allow user to login via magic link (dev mode) (23.2s)


  1) [chromium] › tests\e2e\auth.spec.ts:4:9 › Authentication Flow › should allow user to login via magic link (dev mode) 

    Error: [2mexpect([22m[31mlocator[39m[2m).[22mtoBeVisible[2m([22m[2m)[22m failed

    Locator: locator('text=My CVs')
    Expected: visible
    Timeout: 5000ms
    Error: element(s) not found

    Call log:
    [2m  - Expect "toBeVisible" with timeout 5000ms[22m
    [2m  - waiting for locator('text=My CVs')[22m


      34 |
      35 |         // Optional: Check for some dashboard element
    > 36 |         await expect(page.locator('text=My CVs')).toBeVisible();
         |                                                   ^
      37 |     });
      38 | });
      39 |
        at C:\Users\user\Desktop\cv-builder-platform\tests\e2e\auth.spec.ts:36:51

    Error Context: test-results\auth-Authentication-Flow-s-15a62-in-via-magic-link-dev-mode--chromium\error-context.md

  1 failed
    [chromium] › tests\e2e\auth.spec.ts:4:9 › Authentication Flow › should allow user to login via magic link (dev mode) 
